Archive member included to satisfy reference by file (symbol)

D:/Embedded/STM32CubeIDE_1.15.1/STM32CubeIDE/plugins/com.st.stm32cube.ide.mcu.externaltools.gnu-tools-for-stm32.12.3.rel1.win32_1.0.100.202403111256/tools/bin/../lib/gcc/arm-none-eabi/12.3.1/../../../../arm-none-eabi/lib/thumb/v8-m.main+fp/hard\libc_nano.a(libc_a-exit.o)
                              D:/Embedded/STM32CubeIDE_1.15.1/STM32CubeIDE/plugins/com.st.stm32cube.ide.mcu.externaltools.gnu-tools-for-stm32.12.3.rel1.win32_1.0.100.202403111256/tools/bin/../lib/gcc/arm-none-eabi/12.3.1/../../../../arm-none-eabi/lib/thumb/v8-m.main+fp/hard/crt0.o (exit)
D:/Embedded/STM32CubeIDE_1.15.1/STM32CubeIDE/plugins/com.st.stm32cube.ide.mcu.externaltools.gnu-tools-for-stm32.12.3.rel1.win32_1.0.100.202403111256/tools/bin/../lib/gcc/arm-none-eabi/12.3.1/../../../../arm-none-eabi/lib/thumb/v8-m.main+fp/hard\libc_nano.a(libc_a-findfp.o)
                              D:/Embedded/STM32CubeIDE_1.15.1/STM32CubeIDE/plugins/com.st.stm32cube.ide.mcu.externaltools.gnu-tools-for-stm32.12.3.rel1.win32_1.0.100.202403111256/tools/bin/../lib/gcc/arm-none-eabi/12.3.1/../../../../arm-none-eabi/lib/thumb/v8-m.main+fp/hard\libc_nano.a(libc_a-exit.o) (__stdio_exit_handler)
D:/Embedded/STM32CubeIDE_1.15.1/STM32CubeIDE/plugins/com.st.stm32cube.ide.mcu.externaltools.gnu-tools-for-stm32.12.3.rel1.win32_1.0.100.202403111256/tools/bin/../lib/gcc/arm-none-eabi/12.3.1/../../../../arm-none-eabi/lib/thumb/v8-m.main+fp/hard\libc_nano.a(libc_a-fwalk.o)
                              D:/Embedded/STM32CubeIDE_1.15.1/STM32CubeIDE/plugins/com.st.stm32cube.ide.mcu.externaltools.gnu-tools-for-stm32.12.3.rel1.win32_1.0.100.202403111256/tools/bin/../lib/gcc/arm-none-eabi/12.3.1/../../../../arm-none-eabi/lib/thumb/v8-m.main+fp/hard\libc_nano.a(libc_a-findfp.o) (_fwalk_sglue)
D:/Embedded/STM32CubeIDE_1.15.1/STM32CubeIDE/plugins/com.st.stm32cube.ide.mcu.externaltools.gnu-tools-for-stm32.12.3.rel1.win32_1.0.100.202403111256/tools/bin/../lib/gcc/arm-none-eabi/12.3.1/../../../../arm-none-eabi/lib/thumb/v8-m.main+fp/hard\libc_nano.a(libc_a-stdio.o)
                              D:/Embedded/STM32CubeIDE_1.15.1/STM32CubeIDE/plugins/com.st.stm32cube.ide.mcu.externaltools.gnu-tools-for-stm32.12.3.rel1.win32_1.0.100.202403111256/tools/bin/../lib/gcc/arm-none-eabi/12.3.1/../../../../arm-none-eabi/lib/thumb/v8-m.main+fp/hard\libc_nano.a(libc_a-findfp.o) (__sread)
D:/Embedded/STM32CubeIDE_1.15.1/STM32CubeIDE/plugins/com.st.stm32cube.ide.mcu.externaltools.gnu-tools-for-stm32.12.3.rel1.win32_1.0.100.202403111256/tools/bin/../lib/gcc/arm-none-eabi/12.3.1/../../../../arm-none-eabi/lib/thumb/v8-m.main+fp/hard\libc_nano.a(libc_a-memset.o)
                              D:/Embedded/STM32CubeIDE_1.15.1/STM32CubeIDE/plugins/com.st.stm32cube.ide.mcu.externaltools.gnu-tools-for-stm32.12.3.rel1.win32_1.0.100.202403111256/tools/bin/../lib/gcc/arm-none-eabi/12.3.1/../../../../arm-none-eabi/lib/thumb/v8-m.main+fp/hard/crt0.o (memset)
D:/Embedded/STM32CubeIDE_1.15.1/STM32CubeIDE/plugins/com.st.stm32cube.ide.mcu.externaltools.gnu-tools-for-stm32.12.3.rel1.win32_1.0.100.202403111256/tools/bin/../lib/gcc/arm-none-eabi/12.3.1/../../../../arm-none-eabi/lib/thumb/v8-m.main+fp/hard\libc_nano.a(libc_a-closer.o)
                              D:/Embedded/STM32CubeIDE_1.15.1/STM32CubeIDE/plugins/com.st.stm32cube.ide.mcu.externaltools.gnu-tools-for-stm32.12.3.rel1.win32_1.0.100.202403111256/tools/bin/../lib/gcc/arm-none-eabi/12.3.1/../../../../arm-none-eabi/lib/thumb/v8-m.main+fp/hard\libc_nano.a(libc_a-stdio.o) (_close_r)
D:/Embedded/STM32CubeIDE_1.15.1/STM32CubeIDE/plugins/com.st.stm32cube.ide.mcu.externaltools.gnu-tools-for-stm32.12.3.rel1.win32_1.0.100.202403111256/tools/bin/../lib/gcc/arm-none-eabi/12.3.1/../../../../arm-none-eabi/lib/thumb/v8-m.main+fp/hard\libc_nano.a(libc_a-reent.o)
                              D:/Embedded/STM32CubeIDE_1.15.1/STM32CubeIDE/plugins/com.st.stm32cube.ide.mcu.externaltools.gnu-tools-for-stm32.12.3.rel1.win32_1.0.100.202403111256/tools/bin/../lib/gcc/arm-none-eabi/12.3.1/../../../../arm-none-eabi/lib/thumb/v8-m.main+fp/hard\libc_nano.a(libc_a-closer.o) (errno)
D:/Embedded/STM32CubeIDE_1.15.1/STM32CubeIDE/plugins/com.st.stm32cube.ide.mcu.externaltools.gnu-tools-for-stm32.12.3.rel1.win32_1.0.100.202403111256/tools/bin/../lib/gcc/arm-none-eabi/12.3.1/../../../../arm-none-eabi/lib/thumb/v8-m.main+fp/hard\libc_nano.a(libc_a-impure.o)
                              D:/Embedded/STM32CubeIDE_1.15.1/STM32CubeIDE/plugins/com.st.stm32cube.ide.mcu.externaltools.gnu-tools-for-stm32.12.3.rel1.win32_1.0.100.202403111256/tools/bin/../lib/gcc/arm-none-eabi/12.3.1/../../../../arm-none-eabi/lib/thumb/v8-m.main+fp/hard\libc_nano.a(libc_a-reent.o) (_impure_ptr)
[...]
Memory Configuration

Name             Origin             Length             Attributes
RAM              0x20000000         0x00030000         xrw
RAM2             0x20030000         0x00010000         xrw
FLASH            0x08000000         0x00080000         xr
*default*        0x00000000         0xffffffff

Linker script and memory map

LOAD D:/Embedded/STM32CubeIDE_1.15.1/STM32CubeIDE/plugins/com.st.stm32cube.ide.mcu.externaltools.gnu-tools-for-stm32.12.3.rel1.win32_1.0.100.202403111256/tools/bin/../lib/gcc/arm-none-eabi/12.3.1/thumb/v8-m.main+fp/hard/crti.o
LOAD D:/Embedded/STM32CubeIDE_1.15.1/STM32CubeIDE/plugins/com.st.stm32cube.ide.mcu.externaltools.gnu-tools-for-stm32.12.3.rel1.win32_1.0.100.202403111256/tools/bin/../lib/gcc/arm-none-eabi/12.3.1/thumb/v8-m.main+fp/hard/crtbegin.o
LOAD D:/Embedded/STM32CubeIDE_1.15.1/STM32CubeIDE/plugins/com.st.stm32cube.ide.mcu.externaltools.gnu-tools-for-stm32.12.3.rel1.win32_1.0.100.202403111256/tools/bin/../lib/gcc/arm-none-eabi/12.3.1/../../../../arm-none-eabi/lib/thumb/v8-m.main+fp/hard/crt0.o
LOAD ./Src/main.o
LOAD ./Src/syscalls.o
LOAD ./Src/sysmem.o
LOAD ./Startup/startup_stm32l552zetxq.o
START GROUP
LOAD D:/Embedded/STM32CubeIDE_1.15.1/STM32CubeIDE/plugins/com.st.stm32cube.ide.mcu.externaltools.gnu-tools-for-stm32.12.3.rel1.win32_1.0.100.202403111256/tools/bin/../lib/gcc/arm-none-eabi/12.3.1/../../../../arm-none-eabi/lib/thumb/v8-m.main+fp/hard\libc_nano.a
LOAD D:/Embedded/STM32CubeIDE_1.15.1/STM32CubeIDE/plugins/com.st.stm32cube.ide.mcu.externaltools.gnu-tools-for-stm32.12.3.rel1.win32_1.0.100.202403111256/tools/bin/../lib/gcc/arm-none-eabi/12.3.1/../../../../arm-none-eabi/lib/thumb/v8-m.main+fp/hard\libm.a
END GROUP
START GROUP
LOAD D:/Embedded/STM32CubeIDE_1.15.1/STM32CubeIDE/plugins/com.st.stm32cube.ide.mcu.externaltools.gnu-tools-for-stm32.12.3.rel1.win32_1.0.100.202403111256/tools/bin/../lib/gcc/arm-none-eabi/12.3.1/thumb/v8-m.main+fp/hard\libgcc.a
LOAD D:/Embedded/STM32CubeIDE_1.15.1/STM32CubeIDE/plugins/com.st.stm32cube.ide.mcu.externaltools.gnu-tools-for-stm32.12.3.rel1.win32_1.0.100.202403111256/tools/bin/../lib/gcc/arm-none-eabi/12.3.1/../../../../arm-none-eabi/lib/thumb/v8-m.main+fp/hard\libc_nano.a
END GROUP
START GROUP
LOAD D:/Embedded/STM32CubeIDE_1.15.1/STM32CubeIDE/plugins/com.st.stm32cube.ide.mcu.externaltools.gnu-tools-for-stm32.12.3.rel1.win32_1.0.100.202403111256/tools/bin/../lib/gcc/arm-none-eabi/12.3.1/thumb/v8-m.main+fp/hard\libgcc.a
LOAD D:/Embedded/STM32CubeIDE_1.15.1/STM32CubeIDE/plugins/com.st.stm32cube.ide.mcu.externaltools.gnu-tools-for-stm32.12.3.rel1.win32_1.0.100.202403111256/tools/bin/../lib/gcc/arm-none-eabi/12.3.1/../../../../arm-none-eabi/lib/thumb/v8-m.main+fp/hard\libc_nano.a
LOAD D:/Embedded/STM32CubeIDE_1.15.1/STM32CubeIDE/plugins/com.st.stm32cube.ide.mcu.externaltools.gnu-tools-for-stm32.12.3.rel1.win32_1.0.100.202403111256/tools/bin/../lib/gcc/arm-none-eabi/12.3.1/../../../../arm-none-eabi/lib/thumb/v8-m.main+fp/hard\libnosys.a
END GROUP
START GROUP
LOAD D:/Embedded/STM32CubeIDE_1.15.1/STM32CubeIDE/plugins/com.st.stm32cube.ide.mcu.externaltools.gnu-tools-for-stm32.12.3.rel1.win32_1.0.100.202403111256/tools/bin/../lib/gcc/arm-none-eabi/12.3.1/thumb/v8-m.main+fp/hard\libgcc.a
LOAD D:/Embedded/STM32CubeIDE_1.15.1/STM32CubeIDE/plugins/com.st.stm32cube.ide.mcu.externaltools.gnu-tools-for-stm32.12.3.rel1.win32_1.0.100.202403111256/tools/bin/../lib/gcc/arm-none-eabi/12.3.1/../../../../arm-none-eabi/lib/thumb/v8-m.main+fp/hard\libc_nano.a
LOAD D:/Embedded/STM32CubeIDE_1.15.1/STM32CubeIDE/plugins/com.st.stm32cube.ide.mcu.externaltools.gnu-tools-for-stm32.12.3.rel1.win32_1.0.100.202403111256/tools/bin/../lib/gcc/arm-none-eabi/12.3.1/../../../../arm-none-eabi/lib/thumb/v8-m.main+fp/hard\libnosys.a
END GROUP
LOAD D:/Embedded/STM32CubeIDE_1.15.1/STM32CubeIDE/plugins/com.st.stm32cube.ide.mcu.externaltools.gnu-tools-for-stm32.12.3.rel1.win32_1.0.100.202403111256/tools/bin/../lib/gcc/arm-none-eabi/12.3.1/thumb/v8-m.main+fp/hard/crtend.o
LOAD D:/Embedded/STM32CubeIDE_1.15.1/STM32CubeIDE/plugins/com.st.stm32cube.ide.mcu.externaltools.gnu-tools-for-stm32.12.3.rel1.win32_1.0.100.202403111256/tools/bin/../lib/gcc/arm-none-eabi/12.3.1/thumb/v8-m.main+fp/hard/crtn.o
                0x20030000                        _estack = (ORIGIN (RAM) + LENGTH (RAM))
                0x00000200                        _Min_Heap_Size = 0x200
                0x00000400                        _Min_Stack_Size = 0x400

.isr_vector     0x08000000      0x1f0
                0x08000000                        . = ALIGN (0x4)
 *(.isr_vector)
 .isr_vector    0x08000000      0x1f0 ./Startup/startup_stm32l552zetxq.o
                0x08000000                g_pfnVectors
                0x080001f0                        . = ALIGN (0x4)

.text           0x080001f0      0x784
                0x080001f0                        . = ALIGN (0x4)
 *(.text)
 .text          0x080001f0       0x40 D:/Embedded/STM32CubeIDE_1.15.1/STM32CubeIDE/plugins/com.st.stm32cube.ide.mcu.externaltools.gnu-tools-for-stm32.12.3.rel1.win32_1.0.100.202403111256/tools/bin/../lib/gcc/arm-none-eabi/12.3.1/thumb/v8-m.main+fp/hard/crtbegin.o
 *(.text*)
 .text.TIM15_IRQHandler
                0x08000230       0x6c ./Src/main.o
                0x08000230                TIM15_IRQHandler
 .text.TIM6_IRQHandler
                0x0800029c       0x58 ./Src/main.o
                0x0800029c                TIM6_IRQHandler
 .text.init_GPIO_ICOC
                0x080002f4       0x54 ./Src/main.o
                0x080002f4                init_GPIO_ICOC
 .text.init_GPIO_SERVO
                0x08000348       0x3c ./Src/main.o
                0x08000348                init_GPIO_SERVO
 .text.init_GPIO_USART
                0x08000384       0x54 ./Src/main.o
                0x08000384                init_GPIO_USART
 .text.init_USART
                0x080003d8       0xa4 ./Src/main.o
                0x080003d8                init_USART
 .text.uart_send_char
                0x0800047c       0x30 ./Src/main.o
                0x0800047c                uart_send_char
 .text.uart_send_string
                0x080004ac       0x2a ./Src/main.o
                0x080004ac                uart_send_string
 *fill*         0x080004d6        0x2 
 .text.enable_clocks
                0x080004d8       0x3c ./Src/main.o
                0x080004d8                enable_clocks
 .text.disable_clocks
                0x08000514       0x3c ./Src/main.o
                0x08000514                disable_clocks
 .text.USART2_IRQHandler
                0x08000550       0xf0 ./Src/main.o
                0x08000550                USART2_IRQHandler
 .text.init_TIMER15_ICOC
                0x08000640       0xa4 ./Src/main.o
                0x08000640                init_TIMER15_ICOC
 .text.init_TIMER2_SERVO
                0x080006e4       0x8c ./Src/main.o
                0x080006e4                init_TIMER2_SERVO
 .text.init_TIMER6_CASTING
                0x08000770       0x68 ./Src/main.o
                0x08000770                init_TIMER6_CASTING
 .text.init_INTERRUPT
                0x080007d8       0x28 ./Src/main.o
                0x080007d8                init_INTERRUPT
 .text.vibration_handler
                0x08000800       0x98 ./Src/main.o
                0x08000800                vibration_handler
 .text.main     0x08000898       0x28 ./Src/main.o
                0x08000898                main
 .text.Reset_Handler
                0x080008c0       0x50 ./Startup/startup_stm32l552zetxq.o
                0x080008c0                Reset_Handler
 .text.Default_Handler
                0x08000910        0x2 ./Startup/startup_stm32l552zetxq.o
                0x08000910                EXTI2_IRQHandler
                0x08000910                TIM8_TRG_COM_IRQHandler
                0x08000910                TIM8_CC_IRQHandler
                0x08000910                EXTI5_IRQHandler
                0x08000910                DMA2_CH8_IRQHandler
                0x08000910                DebugMon_Handler
                0x08000910                FLASH_S_IRQHandler
                0x08000910                EXTI13_IRQHandler
                0x08000910                TIM1_CC_IRQHandler
                0x08000910                TSC_IRQHandler
                0x08000910                HardFault_Handler
                0x08000910                TAMP_IRQHandler
                0x08000910                EXTI12_IRQHandler
                0x08000910                SysTick_Handler
                0x08000910                PendSV_Handler
                0x08000910                NMI_Handler
                0x08000910                EXTI3_IRQHandler
                0x08000910                EXTI8_IRQHandler
                0x08000910                LPTIM2_IRQHandler
                0x08000910                DFSDM1_FLT1_IRQHandler
                0x08000910                USB_FS_IRQHandler
                0x08000910                I2C3_ER_IRQHandler
                0x08000910                DFSDM1_FLT2_IRQHandler
                0x08000910                LPTIM3_IRQHandler
                0x08000910                EXTI0_IRQHandler
                0x08000910                I2C2_EV_IRQHandler
                0x08000910                DMA2_CH1_IRQHandler
                0x08000910                FDCAN1_IT1_IRQHandler
                0x08000910                DMA2_CH7_IRQHandler
                0x08000910                UsageFault_Handler
                0x08000910                ADC1_2_IRQHandler
                0x08000910                SPI1_IRQHandler
                0x08000910                OCTOSPI1_IRQHandler
                0x08000910                TIM8_UP_IRQHandler
                0x08000910                RCC_S_IRQHandler
                0x08000910                DMA1_Channel4_IRQHandler
                0x08000910                SAI2_IRQHandler
                0x08000910                DFSDM1_FLT3_IRQHandler
                0x08000910                EXTI15_IRQHandler
                0x08000910                TIM17_IRQHandler
                0x08000910                USART3_IRQHandler
                0x08000910                RTC_IRQHandler
                0x08000910                EXTI9_IRQHandler
                0x08000910                DMA1_Channel7_IRQHandler
                0x08000910                UART5_IRQHandler
                0x08000910                TIM4_IRQHandler
                0x08000910                I2C1_EV_IRQHandler
                0x08000910                DMA2_CH5_IRQHandler
                0x08000910                DMAMUX1_OVR_IRQHandler
                0x08000910                DMA1_Channel6_IRQHandler
                0x08000910                TIM16_IRQHandler
                0x08000910                UART4_IRQHandler
                0x08000910                SecureFault_Handler
                0x08000910                TIM3_IRQHandler
                0x08000910                RCC_IRQHandler
                0x08000910                TIM1_TRG_COM_IRQHandler
                0x08000910                DMA1_Channel1_IRQHandler
                0x08000910                Default_Handler
                0x08000910                DMAMUX1_OVR_S_IRQHandler
                0x08000910                DMA1_Channel8_IRQHandler
                0x08000910                TIM7_IRQHandler
                0x08000910                SDMMC1_IRQHandler
                0x08000910                TIM5_IRQHandler
                0x08000910                UCPD1_IRQHandler
                0x08000910                I2C3_EV_IRQHandler
                0x08000910                PVD_PVM_IRQHandler
                0x08000910                SPI2_IRQHandler
                0x08000910                MemManage_Handler
                0x08000910                EXTI14_IRQHandler
                0x08000910                EXTI11_IRQHandler
                0x08000910                SVC_Handler
                0x08000910                CRS_IRQHandler
                0x08000910                DMA1_Channel5_IRQHandler
                0x08000910                EXTI4_IRQHandler
                0x08000910                RTC_S_IRQHandler
                0x08000910                RNG_IRQHandler
                0x08000910                DMA1_Channel3_IRQHandler
                0x08000910                COMP_IRQHandler
                0x08000910                TIM1_UP_IRQHandler
                0x08000910                WWDG_IRQHandler
                0x08000910                I2C4_EV_IRQHandler
                0x08000910                LPUART1_IRQHandler
                0x08000910                FDCAN1_IT0_IRQHandler
                0x08000910                TIM2_IRQHandler
                0x08000910                TAMP_S_IRQHandler
                0x08000910                EXTI7_IRQHandler
                0x08000910                TIM1_BRK_IRQHandler
                0x08000910                DAC_IRQHandler
                0x08000910                EXTI1_IRQHandler
                0x08000910                GTZC_IRQHandler
                0x08000910                DFSDM1_FLT0_IRQHandler
                0x08000910                I2C2_ER_IRQHandler
                0x08000910                DMA1_Channel2_IRQHandler
                0x08000910                TIM8_BRK_IRQHandler
                0x08000910                FLASH_IRQHandler
                0x08000910                BusFault_Handler
                0x08000910                USART1_IRQHandler
                0x08000910                EXTI10_IRQHandler
                0x08000910                SPI3_IRQHandler
                0x08000910                DMA2_CH6_IRQHandler
                0x08000910                DMA2_CH3_IRQHandler
                0x08000910                DMA2_CH2_IRQHandler
                0x08000910                I2C1_ER_IRQHandler
                0x08000910                FMC_IRQHandler
                0x08000910                DMA2_CH4_IRQHandler
                0x08000910                EXTI6_IRQHandler
                0x08000910                LPTIM1_IRQHandler
                0x08000910                I2C4_ER_IRQHandler
                0x08000910                ICACHE_IRQHandler
                0x08000910                SAI1_IRQHandler
                0x08000910                HASH_IRQHandler
 *fill*         0x08000912        0x2 
 .text.__libc_init_array
                0x08000914       0x48 D:/Embedded/STM32CubeIDE_1.15.1/STM32CubeIDE/plugins/com.st.stm32cube.ide.mcu.externaltools.gnu-tools-for-stm32.12.3.rel1.win32_1.0.100.202403111256/tools/bin/../lib/gcc/arm-none-eabi/12.3.1/../../../../arm-none-eabi/lib/thumb/v8-m.main+fp/hard\libc_nano.a(libc_a-init.o)
                0x08000914                __libc_init_array
 *(.glue_7)
 .glue_7        0x0800095c        0x0 linker stubs
 *(.glue_7t)
 .glue_7t       0x0800095c        0x0 linker stubs
 *(.eh_frame)
 .eh_frame      0x0800095c        0x0 D:/Embedded/STM32CubeIDE_1.15.1/STM32CubeIDE/plugins/com.st.stm32cube.ide.mcu.externaltools.gnu-tools-for-stm32.12.3.rel1.win32_1.0.100.202403111256/tools/bin/../lib/gcc/arm-none-eabi/12.3.1/thumb/v8-m.main+fp/hard/crtbegin.o
 *(.init)
 .init          0x0800095c        0x4 D:/Embedded/STM32CubeIDE_1.15.1/STM32CubeIDE/plugins/com.st.stm32cube.ide.mcu.externaltools.gnu-tools-for-stm32.12.3.rel1.win32_1.0.100.202403111256/tools/bin/../lib/gcc/arm-none-eabi/12.3.1/thumb/v8-m.main+fp/hard/crti.o
                0x0800095c                _init
 .init          0x08000960        0x8 D:/Embedded/STM32CubeIDE_1.15.1/STM32CubeIDE/plugins/com.st.stm32cube.ide.mcu.externaltools.gnu-tools-for-stm32.12.3.rel1.win32_1.0.100.202403111256/tools/bin/../lib/gcc/arm-none-eabi/12.3.1/thumb/v8-m.main+fp/hard/crtn.o
 *(.fini)
 .fini          0x08000968        0x4 D:/Embedded/STM32CubeIDE_1.15.1/STM32CubeIDE/plugins/com.st.stm32cube.ide.mcu.externaltools.gnu-tools-for-stm32.12.3.rel1.win32_1.0.100.202403111256/tools/bin/../lib/gcc/arm-none-eabi/12.3.1/thumb/v8-m.main+fp/hard/crti.o
                0x08000968                _fini
 .fini          0x0800096c        0x8 D:/Embedded/STM32CubeIDE_1.15.1/STM32CubeIDE/plugins/com.st.stm32cube.ide.mcu.externaltools.gnu-tools-for-stm32.12.3.rel1.win32_1.0.100.202403111256/tools/bin/../lib/gcc/arm-none-eabi/12.3.1/thumb/v8-m.main+fp/hard/crtn.o
                0x08000974                        . = ALIGN (0x4)
                0x08000974                        _etext = .

.vfp11_veneer   0x08000974        0x0
 .vfp11_veneer  0x08000974        0x0 linker stubs

.v4_bx          0x08000974        0x0
 .v4_bx         0x08000974        0x0 linker stubs

.iplt           0x08000974        0x0
 .iplt          0x08000974        0x0 D:/Embedded/STM32CubeIDE_1.15.1/STM32CubeIDE/plugins/com.st.stm32cube.ide.mcu.externaltools.gnu-tools-for-stm32.12.3.rel1.win32_1.0.100.202403111256/tools/bin/../lib/gcc/arm-none-eabi/12.3.1/thumb/v8-m.main+fp/hard/crtbegin.o

.rodata         0x08000974       0x4c
                0x08000974                        . = ALIGN (0x4)
 *(.rodata)
 .rodata        0x08000974       0x4c ./Src/main.o
 *(.rodata*)
                0x080009c0                        . = ALIGN (0x4)

.ARM.extab      0x080009c0        0x0
                0x080009c0                        . = ALIGN (0x4)
 *(.ARM.extab* .gnu.linkonce.armextab.*)
                0x080009c0                        . = ALIGN (0x4)

.ARM            0x080009c0        0x0
                0x080009c0                        . = ALIGN (0x4)
                0x080009c0                        __exidx_start = .
 *(.ARM.exidx*)
                0x080009c0                        __exidx_end = .
                0x080009c0                        . = ALIGN (0x4)

.preinit_array  0x080009c0        0x0
                0x080009c0                        . = ALIGN (0x4)
                0x080009c0                        PROVIDE (__preinit_array_start = .)
 *(.preinit_array*)
                0x080009c0                        PROVIDE (__preinit_array_end = .)
                0x080009c0                        . = ALIGN (0x4)

.init_array     0x080009c0        0x4
                0x080009c0                        . = ALIGN (0x4)
                0x080009c0                        PROVIDE (__init_array_start = .)
 *(SORT_BY_NAME(.init_array.*))
 *(.init_array*)
 .init_array    0x080009c0        0x4 D:/Embedded/STM32CubeIDE_1.15.1/STM32CubeIDE/plugins/com.st.stm32cube.ide.mcu.externaltools.gnu-tools-for-stm32.12.3.rel1.win32_1.0.100.202403111256/tools/bin/../lib/gcc/arm-none-eabi/12.3.1/thumb/v8-m.main+fp/hard/crtbegin.o
                0x080009c4                        PROVIDE (__init_array_end = .)
                0x080009c4                        . = ALIGN (0x4)

.fini_array     0x080009c4        0x4
                0x080009c4                        . = ALIGN (0x4)
                [!provide]                        PROVIDE (__fini_array_start = .)
 *(SORT_BY_NAME(.fini_array.*))
 *(.fini_array*)
 .fini_array    0x080009c4        0x4 D:/Embedded/STM32CubeIDE_1.15.1/STM32CubeIDE/plugins/com.st.stm32cube.ide.mcu.externaltools.gnu-tools-for-stm32.12.3.rel1.win32_1.0.100.202403111256/tools/bin/../lib/gcc/arm-none-eabi/12.3.1/thumb/v8-m.main+fp/hard/crtbegin.o
                [!provide]                        PROVIDE (__fini_array_end = .)
                0x080009c8                        . = ALIGN (0x4)
                0x080009c8                        _sidata = LOADADDR (.data)

.rel.dyn        0x080009c8        0x0
 .rel.iplt      0x080009c8        0x0 D:/Embedded/STM32CubeIDE_1.15.1/STM32CubeIDE/plugins/com.st.stm32cube.ide.mcu.externaltools.gnu-tools-for-stm32.12.3.rel1.win32_1.0.100.202403111256/tools/bin/../lib/gcc/arm-none-eabi/12.3.1/thumb/v8-m.main+fp/hard/crtbegin.o

.data           0x20000000        0x4 load address 0x080009c8
                0x20000000                        . = ALIGN (0x4)
                0x20000000                        _sdata = .
 *(.data)
 *(.data*)
 .data.clocks_enabled
                0x20000000        0x4 ./Src/main.o
                0x20000000                clocks_enabled
 *(.RamFunc)
 *(.RamFunc*)
                0x20000004                        . = ALIGN (0x4)
                0x20000004                        _edata = .

.igot.plt       0x20000004        0x0 load address 0x080009cc
 .igot.plt      0x20000004        0x0 D:/Embedded/STM32CubeIDE_1.15.1/STM32CubeIDE/plugins/com.st.stm32cube.ide.mcu.externaltools.gnu-tools-for-stm32.12.3.rel1.win32_1.0.100.202403111256/tools/bin/../lib/gcc/arm-none-eabi/12.3.1/thumb/v8-m.main+fp/hard/crtbegin.o
                0x20000004                        . = ALIGN (0x4)

.bss            0x20000004       0x34 load address 0x080009cc
                0x20000004                        _sbss = .
                0x20000004                        __bss_start__ = _sbss
 *(.bss)
 .bss           0x20000004       0x1c D:/Embedded/STM32CubeIDE_1.15.1/STM32CubeIDE/plugins/com.st.stm32cube.ide.mcu.externaltools.gnu-tools-for-stm32.12.3.rel1.win32_1.0.100.202403111256/tools/bin/../lib/gcc/arm-none-eabi/12.3.1/thumb/v8-m.main+fp/hard/crtbegin.o
 *(.bss*)
 .bss.vibration_count
                0x20000020        0x4 ./Src/main.o
                0x20000020                vibration_count
 .bss.cycle_count
                0x20000024        0x4 ./Src/main.o
                0x20000024                cycle_count
 .bss.two_cycle
                0x20000028        0x4 ./Src/main.o
                0x20000028                two_cycle
 .bss.tempo     0x2000002c        0x4 ./Src/main.o
                0x2000002c                tempo
 .bss.casting_cycle_count
                0x20000030        0x4 ./Src/main.o
                0x20000030                casting_cycle_count
 .bss.tempo_stat.0
                0x20000034        0x1 ./Src/main.o
 *(COMMON)
                0x20000038                        . = ALIGN (0x4)
 *fill*         0x20000035        0x3 
                0x20000038                        _ebss = .
                0x20000038                        __bss_end__ = _ebss

._user_heap_stack
                0x20000038      0x600 load address 0x080009cc
                0x20000038                        . = ALIGN (0x8)
                [!provide]                        PROVIDE (end = .)
                0x20000038                        PROVIDE (_end = .)
                0x20000238                        . = (. + _Min_Heap_Size)
 *fill*         0x20000038      0x200 
                0x20000638                        . = (. + _Min_Stack_Size)
 *fill*         0x20000238      0x400 
                0x20000638                        . = ALIGN (0x8)

/DISCARD/
 libc.a(*)
 libm.a(*)
 libgcc.a(*)

.ARM.attributes
                0x00000000       0x36
 *(.ARM.attributes)
 .ARM.attributes
                0x00000000       0x26 D:/Embedded/STM32CubeIDE_1.15.1/STM32CubeIDE/plugins/com.st.stm32cube.ide.mcu.externaltools.gnu-tools-for-stm32.12.3.rel1.win32_1.0.100.202403111256/tools/bin/../lib/gcc/arm-none-eabi/12.3.1/thumb/v8-m.main+fp/hard/crti.o
 .ARM.attributes
                0x00000026       0x38 D:/Embedded/STM32CubeIDE_1.15.1/STM32CubeIDE/plugins/com.st.stm32cube.ide.mcu.externaltools.gnu-tools-for-stm32.12.3.rel1.win32_1.0.100.202403111256/tools/bin/../lib/gcc/arm-none-eabi/12.3.1/thumb/v8-m.main+fp/hard/crtbegin.o
 .ARM.attributes
                0x0000005e       0x3a ./Src/main.o
 .ARM.attributes
                0x00000098       0x24 ./Startup/startup_stm32l552zetxq.o
 .ARM.attributes
                0x000000bc       0x38 D:/Embedded/STM32CubeIDE_1.15.1/STM32CubeIDE/plugins/com.st.stm32cube.ide.mcu.externaltools.gnu-tools-for-stm32.12.3.rel1.win32_1.0.100.202403111256/tools/bin/../lib/gcc/arm-none-eabi/12.3.1/../../../../arm-none-eabi/lib/thumb/v8-m.main+fp/hard\libc_nano.a(libc_a-init.o)
 .ARM.attributes
                0x000000f4       0x26 D:/Embedded/STM32CubeIDE_1.15.1/STM32CubeIDE/plugins/com.st.stm32cube.ide.mcu.externaltools.gnu-tools-for-stm32.12.3.rel1.win32_1.0.100.202403111256/tools/bin/../lib/gcc/arm-none-eabi/12.3.1/thumb/v8-m.main+fp/hard/crtn.o
OUTPUT(stm1.elf elf32-littlearm)
LOAD linker stubs
LOAD D:/Embedded/STM32CubeIDE_1.15.1/STM32CubeIDE/plugins/com.st.stm32cube.ide.mcu.externaltools.gnu-tools-for-stm32.12.3.rel1.win32_1.0.100.202403111256/tools/bin/../lib/gcc/arm-none-eabi/12.3.1/../../../../arm-none-eabi/lib/thumb/v8-m.main+fp/hard\libc.a
LOAD D:/Embedded/STM32CubeIDE_1.15.1/STM32CubeIDE/plugins/com.st.stm32cube.ide.mcu.externaltools.gnu-tools-for-stm32.12.3.rel1.win32_1.0.100.202403111256/tools/bin/../lib/gcc/arm-none-eabi/12.3.1/../../../../arm-none-eabi/lib/thumb/v8-m.main+fp/hard\libm.a
LOAD D:/Embedded/STM32CubeIDE_1.15.1/STM32CubeIDE/plugins/com.st.stm32cube.ide.mcu.externaltools.gnu-tools-for-stm32.12.3.rel1.win32_1.0.100.202403111256/tools/bin/../lib/gcc/arm-none-eabi/12.3.1/thumb/v8-m.main+fp/hard\libgcc.a

.debug_info     0x00000000      0x62d
 .debug_info    0x00000000      0x5fd ./Src/main.o
 .debug_info    0x000005fd       0x30 ./Startup/startup_stm32l552zetxq.o

.debug_abbrev   0x00000000      0x1f1
 .debug_abbrev  0x00000000      0x1cd ./Src/main.o
 .debug_abbrev  0x000001cd       0x24 ./Startup/startup_stm32l552zetxq.o

.debug_aranges  0x00000000       0xc8
 .debug_aranges
                0x00000000       0xa0 ./Src/main.o
 .debug_aranges
                0x000000a0       0x28 ./Startup/startup_stm32l552zetxq.o

.debug_rnglists
                0x00000000       0xab
 .debug_rnglists
                0x00000000       0x92 ./Src/main.o
 .debug_rnglists
                0x00000092       0x19 ./Startup/startup_stm32l552zetxq.o

.debug_macro    0x00000000      0xfca
 .debug_macro   0x00000000       0xb7 ./Src/main.o
 .debug_macro   0x000000b7      0xac6 ./Src/main.o
 .debug_macro   0x00000b7d       0x22 ./Src/main.o
 .debug_macro   0x00000b9f       0x8e ./Src/main.o
 .debug_macro   0x00000c2d       0x51 ./Src/main.o
 .debug_macro   0x00000c7e      0x103 ./Src/main.o
 .debug_macro   0x00000d81       0x6a ./Src/main.o
 .debug_macro   0x00000deb      0x1df ./Src/main.o

.debug_line     0x00000000      0x882
 .debug_line    0x00000000      0x807 ./Src/main.o
 .debug_line    0x00000807       0x7b ./Startup/startup_stm32l552zetxq.o

.debug_str      0x00000000     0x404c
 .debug_str     0x00000000     0x400c ./Src/main.o
                               0x4184 (size before relaxing)
 .debug_str     0x0000400c       0x40 ./Startup/startup_stm32l552zetxq.o
                                 0x61 (size before relaxing)

.comment        0x00000000       0x43
 .comment       0x00000000       0x43 ./Src/main.o
                                 0x44 (size before relaxing)

.debug_frame    0x00000000      0x260
 .debug_frame   0x00000000      0x234 ./Src/main.o
 .debug_frame   0x00000234       0x2c D:/Embedded/STM32CubeIDE_1.15.1/STM32CubeIDE/plugins/com.st.stm32cube.ide.mcu.externaltools.gnu-tools-for-stm32.12.3.rel1.win32_1.0.100.202403111256/tools/bin/../lib/gcc/arm-none-eabi/12.3.1/../../../../arm-none-eabi/lib/thumb/v8-m.main+fp/hard\libc_nano.a(libc_a-init.o)

.debug_line_str
                0x00000000       0x45
 .debug_line_str
                0x00000000       0x45 ./Startup/startup_stm32l552zetxq.o
